<?php return array (
  0 => 'Symfony\\Bundle\\FrameworkBundle\\Controller\\AbstractController',
  1 => 'App\\Controller\\API\\AddController',
  2 => 'App\\Controller\\API\\AdminController',
  3 => 'App\\Controller\\API\\AffiliationController',
  4 => 'App\\Controller\\API\\BoostController',
  5 => 'App\\Controller\\API\\ChatController',
  6 => 'App\\Controller\\API\\ContactController',
  7 => 'App\\Controller\\API\\DressurBotController',
  8 => 'App\\Controller\\API\\EspacePartenaireController',
  9 => 'App\\Controller\\API\\MethodePaiementController',
  10 => 'App\\Controller\\API\\NotificationController',
  11 => 'App\\Controller\\API\\PromotionController',
  12 => 'App\\Controller\\API\\PromotionReseauController',
  13 => 'App\\Controller\\API\\PublicSocialNetworkCatalogController',
  14 => 'App\\Controller\\API\\PurgeController',
  15 => 'App\\Controller\\API\\SignalementController',
  16 => 'App\\Controller\\API\\StoryController',
  17 => 'App\\Controller\\API\\TutoController',
  18 => 'App\\Controller\\API\\UserController',
  19 => 'App\\Controller\\API\\UserPreferenceController',
  20 => 'App\\Controller\\API\\VendeurController',
  21 => 'App\\Controller\\API\\WebhookController',
  22 => 'App\\Controller\\API\\ZefameController',
  23 => 'App\\Controller\\ConfirmMailController',
  24 => 'App\\Controller\\ConfirmTelController',
  25 => 'App\\Controller\\Crud\\CommunicationMailController',
  26 => 'App\\Controller\\Crud\\CrudBoostController',
  27 => 'App\\Controller\\Crud\\CrudDeletedDSController',
  28 => 'App\\Controller\\Crud\\CrudEnvController',
  29 => 'App\\Controller\\Crud\\CrudEnvMailSenderController',
  30 => 'App\\Controller\\Crud\\CrudEnvPaiementApiController',
  31 => 'App\\Controller\\Crud\\CrudFormuleBoostController',
  32 => 'App\\Controller\\Crud\\CrudFormuleDressurBotController',
  33 => 'App\\Controller\\Crud\\CrudFormulePromoAffaireController',
  34 => 'App\\Controller\\Crud\\CrudFormulePromoReseauController',
  35 => 'App\\Controller\\Crud\\CrudMethodePaiementController',
  36 => 'App\\Controller\\Crud\\CrudMotRefuserController',
  37 => 'App\\Controller\\Crud\\CrudPromoReseauController',
  38 => 'App\\Controller\\Crud\\CrudPromotionController',
  39 => 'App\\Controller\\Crud\\CrudSignalementController',
  40 => 'App\\Controller\\Crud\\CrudStoryController',
  41 => 'App\\Controller\\Crud\\CrudSuggestionController',
  42 => 'App\\Controller\\Crud\\CrudTransactionController',
  43 => 'App\\Controller\\Crud\\CrudUserBotController',
  44 => 'App\\Controller\\Crud\\CrudUserController',
  45 => 'App\\Controller\\Crud\\TutoController',
  46 => 'App\\Controller\\HistoriqueProgrammeRecompenseController',
  47 => 'App\\Controller\\PreuveController',
  48 => 'App\\Controller\\PrivateController',
  49 => 'App\\Controller\\PublicController',
  50 => 'App\\Entity\\AffiliationUsed',
  51 => 'App\\Entity\\Boost',
  52 => 'App\\Entity\\ChatMessage',
  53 => 'App\\Entity\\Contact',
  54 => 'App\\Entity\\DeletedDS',
  55 => 'App\\Entity\\Env',
  56 => 'App\\Entity\\EnvMailSender',
  57 => 'App\\Entity\\EnvPaiementApi',
  58 => 'App\\Entity\\FileAttenteProspectMail',
  59 => 'App\\Entity\\FileAttenteWhatsapp',
  60 => 'App\\Entity\\FormuleBoost',
  61 => 'App\\Entity\\FormuleDressurBot',
  62 => 'App\\Entity\\FormulePromoAffaire',
  63 => 'App\\Entity\\FormulePromoReseau',
  64 => 'App\\Entity\\HistoriqueProgrammeRecompense',
  65 => 'App\\Entity\\LogBoiteMail',
  66 => 'App\\Entity\\MailProspect',
  67 => 'App\\Entity\\Message',
  68 => 'App\\Entity\\MethodePaiement',
  69 => 'App\\Entity\\MotRefuser',
  70 => 'App\\Entity\\Notification',
  71 => 'App\\Entity\\Preference',
  72 => 'App\\Entity\\Preuve',
  73 => 'App\\Entity\\PromoReseau',
  74 => 'App\\Entity\\Promotion',
  75 => 'App\\Entity\\PromotionMotifRefus',
  76 => 'App\\Entity\\Signalement',
  77 => 'App\\Entity\\Story',
  78 => 'App\\Entity\\Suggestion',
  79 => 'App\\Entity\\Transaction',
  80 => 'App\\Entity\\Tuto',
  81 => 'App\\Entity\\User',
  82 => 'App\\Entity\\UserBot',
  83 => 'App\\Entity\\UserSocialNetwork',
  84 => 'App\\Entity\\VerifMail',
  85 => 'Doctrine\\Bundle\\DoctrineBundle\\Controller\\ProfilerController',
  86 => 'Doctrine\\ORM\\Cache\\Persister\\Entity\\AbstractEntityPersister',
  87 => 'Doctrine\\ORM\\Cache\\Persister\\Entity\\CachedEntityPersister',
  88 => 'Doctrine\\ORM\\Cache\\Persister\\Entity\\NonStrictReadWriteCachedEntityPersister',
  89 => 'Doctrine\\ORM\\Cache\\Persister\\Entity\\ReadOnlyCachedEntityPersister',
  90 => 'Doctrine\\ORM\\Cache\\Persister\\Entity\\ReadWriteCachedEntityPersister',
  91 => 'Doctrine\\ORM\\Persisters\\Entity\\AbstractEntityInheritancePersister',
  92 => 'Doctrine\\ORM\\Persisters\\Entity\\BasicEntityPersister',
  93 => 'Doctrine\\ORM\\Persisters\\Entity\\CachedPersisterContext',
  94 => 'Doctrine\\ORM\\Persisters\\Entity\\EntityPersister',
  95 => 'Doctrine\\ORM\\Persisters\\Entity\\JoinedSubclassPersister',
  96 => 'Doctrine\\ORM\\Persisters\\Entity\\SingleTablePersister',
  98 => 'Symfony\\Bundle\\FrameworkBundle\\Controller\\ControllerResolver',
  99 => 'Symfony\\Bundle\\FrameworkBundle\\Controller\\RedirectController',
  100 => 'Symfony\\Bundle\\FrameworkBundle\\Controller\\TemplateController',
  101 => 'Symfony\\Bundle\\WebProfilerBundle\\Controller\\ExceptionPanelController',
  102 => 'Symfony\\Bundle\\WebProfilerBundle\\Controller\\ProfilerController',
  103 => 'Symfony\\Bundle\\WebProfilerBundle\\Controller\\RouterController',
  104 => 'Symfony\\Component\\HttpKernel\\Controller\\ArgumentResolver',
  105 => 'Symfony\\Component\\HttpKernel\\Controller\\ArgumentResolverInterface',
  106 => 'Symfony\\Component\\HttpKernel\\Controller\\ArgumentResolver\\BackedEnumValueResolver',
  107 => 'Symfony\\Component\\HttpKernel\\Controller\\ArgumentResolver\\DateTimeValueResolver',
  108 => 'Symfony\\Component\\HttpKernel\\Controller\\ArgumentResolver\\DefaultValueResolver',
  109 => 'Symfony\\Component\\HttpKernel\\Controller\\ArgumentResolver\\NotTaggedControllerValueResolver',
  110 => 'Symfony\\Component\\HttpKernel\\Controller\\ArgumentResolver\\RequestAttributeValueResolver',
  111 => 'Symfony\\Component\\HttpKernel\\Controller\\ArgumentResolver\\RequestValueResolver',
  112 => 'Symfony\\Component\\HttpKernel\\Controller\\ArgumentResolver\\ServiceValueResolver',
  113 => 'Symfony\\Component\\HttpKernel\\Controller\\ArgumentResolver\\SessionValueResolver',
  114 => 'Symfony\\Component\\HttpKernel\\Controller\\ArgumentResolver\\TraceableValueResolver',
  115 => 'Symfony\\Component\\HttpKernel\\Controller\\ArgumentResolver\\UidValueResolver',
  116 => 'Symfony\\Component\\HttpKernel\\Controller\\ArgumentResolver\\VariadicValueResolver',
  117 => 'Symfony\\Component\\HttpKernel\\Controller\\ArgumentValueResolverInterface',
  118 => 'Symfony\\Component\\HttpKernel\\Controller\\ContainerControllerResolver',
  119 => 'Symfony\\Component\\HttpKernel\\Controller\\ControllerReference',
  120 => 'Symfony\\Component\\HttpKernel\\Controller\\ControllerResolver',
  121 => 'Symfony\\Component\\HttpKernel\\Controller\\ControllerResolverInterface',
  122 => 'Symfony\\Component\\HttpKernel\\Controller\\ErrorController',
  123 => 'Symfony\\Component\\HttpKernel\\Controller\\TraceableArgumentResolver',
  124 => 'Symfony\\Component\\HttpKernel\\Controller\\TraceableControllerResolver',
  125 => 'Symfony\\Component\\Security\\Http\\Controller\\UserValueResolver',
);